// Jest Snapshot v1, https://goo.gl/fbAQLP

exports[`HelloWorld.vue render 1`] = `
<div class="hello">
  <h1></h1>
  <div>
    Modal Link<br>
    <modallink-stub></modallink-stub>
    The URL :
  </div>
</div>
`;
